============================= test session starts ==============================
platform linux -- Python 3.12.9, pytest-8.3.4, pluggy-1.6.0 -- /home/tumay/.pyenv/versions/3.12.9/envs/reinforcement-env/bin/python
cachedir: .pytest_cache
rootdir: /home/tumay/code/S19D41.0-S-reinforcement-env/tests
configfile: pytest_kitt.ini
plugins: anyio-4.12.1
collecting ... collected 2 items

tests/test_setup.py::TestSumOfThree::test_running_in_virtual_env PASSED  [ 50%]
tests/test_setup.py::TestSumOfThree::test_the_packages PASSED            [100%]

============================== 2 passed in 0.01s ===============================
